1. add one line.
